<!DOCTYPE html><html lang="ru"><head>
  <meta charset="utf-8">
  <title>Курсы по программированию Хекслет</title>
  <link rel="stylesheet" media="all" href="https://sub.site.com:443/blog/assets/style.css">
  <link rel="stylesheet" media="all" href="site-com-path_files/site-com-application.css">
</head>
<body>
<img src="site-com-path_files/site-com-img.png" alt="Иконка профессии Node.js-программист">
<h3>
  <a href="/professions/nodejs">Node.js-программист</a>
</h3>
<script src="site-com-path_files/site-com-script.js"></script>

</body></html>